Component: ARM Compiler 5.06 update 1 (build 61) Tool: armlink [4d35a8]

==============================================================================

Section Cross References

    startup_mps_cm3.o(RESET) refers to startup_mps_cm3.o(STACK) for __initial_sp
    startup_mps_cm3.o(RESET) refers to startup_mps_cm3.o(.text) for Reset_Handler
    startup_mps_cm3.o(RESET) refers to port.o(.emb_text) for vPortSVCHandler
    startup_mps_cm3.o(RESET) refers to port.o(.text) for xPortSysTickHandler
    startup_mps_cm3.o(.text) refers to entry.o(.ARM.Collect$$$$00000000) for __main
    testedf.o(.text) refers to printf3.o(i.__0printf$3) for __2printf
    testedf.o(.text) refers to tasks.o(.text) for vTaskDelay
    testedf.o(.text) refers to testedf.o(.data) for xT1
    testedf.o(.text) refers to testedf.o(.constdata) for dT1
    tasks.o(.text) refers to list.o(.text) for vListInitialise
    tasks.o(.text) refers to strncpy.o(.text) for strncpy
    tasks.o(.text) refers to heap_1.o(.text) for pvPortMalloc
    tasks.o(.text) refers to memseta.o(.text) for __aeabi_memset
    tasks.o(.text) refers to port.o(.text) for pxPortInitialiseStack
    tasks.o(.text) refers to tasks.o(.bss) for pxReadyTasksLists
    tasks.o(.text) refers to tasks.o(.data) for pxDelayedTaskList
    tasks.o(.text) refers to port.o(.emb_text) for vPortSetInterruptMask
    tasks.o(.text) refers to printf3.o(i.__0sprintf$3) for __2sprintf
    tasks.o(.text) refers to strcat.o(.text) for strcat
    tasks.o(.text) refers to testedf.o(.bss) for ulTaskNumber
    tasks.o(.text) refers to port.o(.data) for ulHighFreqTicks
    list.o(.text) refers to tasks.o(.text) for task_ADD_DEADLINE
    list.o(.text) refers to port.o(.data) for ulHighFreqTicks
    queue.o(.text) refers to port.o(.text) for vPortEnterCritical
    queue.o(.text) refers to tasks.o(.text) for xTaskRemoveFromEventList
    queue.o(.text) refers to list.o(.text) for vListInitialise
    queue.o(.text) refers to heap_1.o(.text) for pvPortMalloc
    queue.o(.text) refers to memcpya.o(.text) for __aeabi_memcpy
    queue.o(.text) refers to port.o(.emb_text) for vPortSetInterruptMask
    port.o(.emb_text) refers to tasks.o(.text) for vTaskSwitchContext
    port.o(.emb_text) refers to tasks.o(.data) for pxCurrentTCB
    port.o(.text) refers to port.o(.emb_text) for vPortStartFirstTask
    port.o(.text) refers to tasks.o(.text) for vTaskIncrementTick
    port.o(.text) refers to port.o(.data) for uxCriticalNesting
    heap_1.o(.text) refers to tasks.o(.text) for vTaskSuspendAll
    heap_1.o(.text) refers to heap_1.o(.data) for xNextFreeByte
    heap_1.o(.text) refers to heap_1.o(.bss) for xHeap
    entry.o(.ARM.Collect$$$$00000000) refers (Special) to entry10a.o(.ARM.Collect$$$$0000000D) for __rt_final_cpp
    entry.o(.ARM.Collect$$$$00000000) refers (Special) to entry11a.o(.ARM.Collect$$$$0000000F) for __rt_final_exit
    entry.o(.ARM.Collect$$$$00000000) refers (Special) to entry7b.o(.ARM.Collect$$$$00000008) for _main_clock
    entry.o(.ARM.Collect$$$$00000000) refers (Special) to entry8b.o(.ARM.Collect$$$$0000000A) for _main_cpp_init
    entry.o(.ARM.Collect$$$$00000000) refers (Special) to entry9a.o(.ARM.Collect$$$$0000000B) for _main_init
    entry.o(.ARM.Collect$$$$00000000) refers (Special) to entry5.o(.ARM.Collect$$$$00000004) for _main_scatterload
    entry.o(.ARM.Collect$$$$00000000) refers (Special) to entry2.o(.ARM.Collect$$$$00000001) for _main_stk
    printfb.o(i.__0fprintf$bare) refers to printfb.o(i._printf_core) for _printf_core
    printfb.o(i.__0fprintf$bare) refers to testedf.o(.text) for fputc
    printfb.o(i.__0printf$bare) refers to printfb.o(i._printf_core) for _printf_core
    printfb.o(i.__0printf$bare) refers to testedf.o(.text) for fputc
    printfb.o(i.__0printf$bare) refers to stdout.o(.data) for __stdout
    printfb.o(i.__0snprintf$bare) refers to printfb.o(i._printf_core) for _printf_core
    printfb.o(i.__0snprintf$bare) refers to printfb.o(i._snputc) for _snputc
    printfb.o(i.__0sprintf$bare) refers to printfb.o(i._printf_core) for _printf_core
    printfb.o(i.__0sprintf$bare) refers to printfb.o(i._sputc) for _sputc
    printfb.o(i.__0vfprintf$bare) refers to printfb.o(i._printf_core) for _printf_core
    printfb.o(i.__0vfprintf$bare) refers to testedf.o(.text) for fputc
    printfb.o(i.__0vprintf$bare) refers to printfb.o(i._printf_core) for _printf_core
    printfb.o(i.__0vprintf$bare) refers to testedf.o(.text) for fputc
    printfb.o(i.__0vprintf$bare) refers to stdout.o(.data) for __stdout
    printfb.o(i.__0vsnprintf$bare) refers to printfb.o(i._printf_core) for _printf_core
    printfb.o(i.__0vsnprintf$bare) refers to printfb.o(i._snputc) for _snputc
    printfb.o(i.__0vsprintf$bare) refers to printfb.o(i._printf_core) for _printf_core
    printfb.o(i.__0vsprintf$bare) refers to printfb.o(i._sputc) for _sputc
    printf0.o(i.__0fprintf$0) refers to printf0.o(i._printf_core) for _printf_core
    printf0.o(i.__0fprintf$0) refers to testedf.o(.text) for fputc
    printf0.o(i.__0printf$0) refers to printf0.o(i._printf_core) for _printf_core
    printf0.o(i.__0printf$0) refers to testedf.o(.text) for fputc
    printf0.o(i.__0printf$0) refers to stdout.o(.data) for __stdout
    printf0.o(i.__0snprintf$0) refers to printf0.o(i._printf_core) for _printf_core
    printf0.o(i.__0snprintf$0) refers to printf0.o(i._snputc) for _snputc
    printf0.o(i.__0sprintf$0) refers to printf0.o(i._printf_core) for _printf_core
    printf0.o(i.__0sprintf$0) refers to printf0.o(i._sputc) for _sputc
    printf0.o(i.__0vfprintf$0) refers to printf0.o(i._printf_core) for _printf_core
    printf0.o(i.__0vfprintf$0) refers to testedf.o(.text) for fputc
    printf0.o(i.__0vprintf$0) refers to printf0.o(i._printf_core) for _printf_core
    printf0.o(i.__0vprintf$0) refers to testedf.o(.text) for fputc
    printf0.o(i.__0vprintf$0) refers to stdout.o(.data) for __stdout
    printf0.o(i.__0vsnprintf$0) refers to printf0.o(i._printf_core) for _printf_core
    printf0.o(i.__0vsnprintf$0) refers to printf0.o(i._snputc) for _snputc
    printf0.o(i.__0vsprintf$0) refers to printf0.o(i._printf_core) for _printf_core
    printf0.o(i.__0vsprintf$0) refers to printf0.o(i._sputc) for _sputc
    printf1.o(i.__0fprintf$1) refers to printf1.o(i._printf_core) for _printf_core
    printf1.o(i.__0fprintf$1) refers to testedf.o(.text) for fputc
    printf1.o(i.__0printf$1) refers to printf1.o(i._printf_core) for _printf_core
    printf1.o(i.__0printf$1) refers to testedf.o(.text) for fputc
    printf1.o(i.__0printf$1) refers to stdout.o(.data) for __stdout
    printf1.o(i.__0snprintf$1) refers to printf1.o(i._printf_core) for _printf_core
    printf1.o(i.__0snprintf$1) refers to printf1.o(i._snputc) for _snputc
    printf1.o(i.__0sprintf$1) refers to printf1.o(i._printf_core) for _printf_core
    printf1.o(i.__0sprintf$1) refers to printf1.o(i._sputc) for _sputc
    printf1.o(i.__0vfprintf$1) refers to printf1.o(i._printf_core) for _printf_core
    printf1.o(i.__0vfprintf$1) refers to testedf.o(.text) for fputc
    printf1.o(i.__0vprintf$1) refers to printf1.o(i._printf_core) for _printf_core
    printf1.o(i.__0vprintf$1) refers to testedf.o(.text) for fputc
    printf1.o(i.__0vprintf$1) refers to stdout.o(.data) for __stdout
    printf1.o(i.__0vsnprintf$1) refers to printf1.o(i._printf_core) for _printf_core
    printf1.o(i.__0vsnprintf$1) refers to printf1.o(i._snputc) for _snputc
    printf1.o(i.__0vsprintf$1) refers to printf1.o(i._printf_core) for _printf_core
    printf1.o(i.__0vsprintf$1) refers to printf1.o(i._sputc) for _sputc
    printf1.o(i._printf_core) refers to uidiv.o(.text) for __aeabi_uidivmod
    printf2.o(i.__0fprintf$2) refers to printf2.o(i._printf_core) for _printf_core
    printf2.o(i.__0fprintf$2) refers to testedf.o(.text) for fputc
    printf2.o(i.__0printf$2) refers to printf2.o(i._printf_core) for _printf_core
    printf2.o(i.__0printf$2) refers to testedf.o(.text) for fputc
    printf2.o(i.__0printf$2) refers to stdout.o(.data) for __stdout
    printf2.o(i.__0snprintf$2) refers to printf2.o(i._printf_core) for _printf_core
    printf2.o(i.__0snprintf$2) refers to printf2.o(i._snputc) for _snputc
    printf2.o(i.__0sprintf$2) refers to printf2.o(i._printf_core) for _printf_core
    printf2.o(i.__0sprintf$2) refers to printf2.o(i._sputc) for _sputc
    printf2.o(i.__0vfprintf$2) refers to printf2.o(i._printf_core) for _printf_core
    printf2.o(i.__0vfprintf$2) refers to testedf.o(.text) for fputc
    printf2.o(i.__0vprintf$2) refers to printf2.o(i._printf_core) for _printf_core
    printf2.o(i.__0vprintf$2) refers to testedf.o(.text) for fputc
    printf2.o(i.__0vprintf$2) refers to stdout.o(.data) for __stdout
    printf2.o(i.__0vsnprintf$2) refers to printf2.o(i._printf_core) for _printf_core
    printf2.o(i.__0vsnprintf$2) refers to printf2.o(i._snputc) for _snputc
    printf2.o(i.__0vsprintf$2) refers to printf2.o(i._printf_core) for _printf_core
    printf2.o(i.__0vsprintf$2) refers to printf2.o(i._sputc) for _sputc
    printf3.o(i.__0fprintf$3) refers to printf3.o(i._printf_core) for _printf_core
    printf3.o(i.__0fprintf$3) refers to testedf.o(.text) for fputc
    printf3.o(i.__0printf$3) refers to printf3.o(i._printf_core) for _printf_core
    printf3.o(i.__0printf$3) refers to testedf.o(.text) for fputc
    printf3.o(i.__0printf$3) refers to stdout.o(.data) for __stdout
    printf3.o(i.__0snprintf$3) refers to printf3.o(i._printf_core) for _printf_core
    printf3.o(i.__0snprintf$3) refers to printf3.o(i._snputc) for _snputc
    printf3.o(i.__0sprintf$3) refers to printf3.o(i._printf_core) for _printf_core
    printf3.o(i.__0sprintf$3) refers to printf3.o(i._sputc) for _sputc
    printf3.o(i.__0vfprintf$3) refers to printf3.o(i._printf_core) for _printf_core
    printf3.o(i.__0vfprintf$3) refers to testedf.o(.text) for fputc
    printf3.o(i.__0vprintf$3) refers to printf3.o(i._printf_core) for _printf_core
    printf3.o(i.__0vprintf$3) refers to testedf.o(.text) for fputc
    printf3.o(i.__0vprintf$3) refers to stdout.o(.data) for __stdout
    printf3.o(i.__0vsnprintf$3) refers to printf3.o(i._printf_core) for _printf_core
    printf3.o(i.__0vsnprintf$3) refers to printf3.o(i._snputc) for _snputc
    printf3.o(i.__0vsprintf$3) refers to printf3.o(i._printf_core) for _printf_core
    printf3.o(i.__0vsprintf$3) refers to printf3.o(i._sputc) for _sputc
    printf3.o(i._printf_core) refers to uidiv.o(.text) for __aeabi_uidivmod
    printf4.o(i.__0fprintf$4) refers to printf4.o(i._printf_core) for _printf_core
    printf4.o(i.__0fprintf$4) refers to testedf.o(.text) for fputc
    printf4.o(i.__0printf$4) refers to printf4.o(i._printf_core) for _printf_core
    printf4.o(i.__0printf$4) refers to testedf.o(.text) for fputc
    printf4.o(i.__0printf$4) refers to stdout.o(.data) for __stdout
    printf4.o(i.__0snprintf$4) refers to printf4.o(i._printf_core) for _printf_core
    printf4.o(i.__0snprintf$4) refers to printf4.o(i._snputc) for _snputc
    printf4.o(i.__0sprintf$4) refers to printf4.o(i._printf_core) for _printf_core
    printf4.o(i.__0sprintf$4) refers to printf4.o(i._sputc) for _sputc
    printf4.o(i.__0vfprintf$4) refers to printf4.o(i._printf_core) for _printf_core
    printf4.o(i.__0vfprintf$4) refers to testedf.o(.text) for fputc
    printf4.o(i.__0vprintf$4) refers to printf4.o(i._printf_core) for _printf_core
    printf4.o(i.__0vprintf$4) refers to testedf.o(.text) for fputc
    printf4.o(i.__0vprintf$4) refers to stdout.o(.data) for __stdout
    printf4.o(i.__0vsnprintf$4) refers to printf4.o(i._printf_core) for _printf_core
    printf4.o(i.__0vsnprintf$4) refers to printf4.o(i._snputc) for _snputc
    printf4.o(i.__0vsprintf$4) refers to printf4.o(i._printf_core) for _printf_core
    printf4.o(i.__0vsprintf$4) refers to printf4.o(i._sputc) for _sputc
    printf4.o(i._printf_core) refers to uldiv.o(.text) for __aeabi_uldivmod
    printf5.o(i.__0fprintf$5) refers to printf5.o(i._printf_core) for _printf_core
    printf5.o(i.__0fprintf$5) refers to testedf.o(.text) for fputc
    printf5.o(i.__0printf$5) refers to printf5.o(i._printf_core) for _printf_core
    printf5.o(i.__0printf$5) refers to testedf.o(.text) for fputc
    printf5.o(i.__0printf$5) refers to stdout.o(.data) for __stdout
    printf5.o(i.__0snprintf$5) refers to printf5.o(i._printf_core) for _printf_core
    printf5.o(i.__0snprintf$5) refers to printf5.o(i._snputc) for _snputc
    printf5.o(i.__0sprintf$5) refers to printf5.o(i._printf_core) for _printf_core
    printf5.o(i.__0sprintf$5) refers to printf5.o(i._sputc) for _sputc
    printf5.o(i.__0vfprintf$5) refers to printf5.o(i._printf_core) for _printf_core
    printf5.o(i.__0vfprintf$5) refers to testedf.o(.text) for fputc
    printf5.o(i.__0vprintf$5) refers to printf5.o(i._printf_core) for _printf_core
    printf5.o(i.__0vprintf$5) refers to testedf.o(.text) for fputc
    printf5.o(i.__0vprintf$5) refers to stdout.o(.data) for __stdout
    printf5.o(i.__0vsnprintf$5) refers to printf5.o(i._printf_core) for _printf_core
    printf5.o(i.__0vsnprintf$5) refers to printf5.o(i._snputc) for _snputc
    printf5.o(i.__0vsprintf$5) refers to printf5.o(i._printf_core) for _printf_core
    printf5.o(i.__0vsprintf$5) refers to printf5.o(i._sputc) for _sputc
    printf5.o(i._printf_core) refers to uldiv.o(.text) for __aeabi_uldivmod
    printf6.o(i.__0fprintf$6) refers to printf6.o(i._printf_core) for _printf_core
    printf6.o(i.__0fprintf$6) refers to testedf.o(.text) for fputc
    printf6.o(i.__0printf$6) refers to printf6.o(i._printf_core) for _printf_core
    printf6.o(i.__0printf$6) refers to testedf.o(.text) for fputc
    printf6.o(i.__0printf$6) refers to stdout.o(.data) for __stdout
    printf6.o(i.__0snprintf$6) refers to printf6.o(i._printf_core) for _printf_core
    printf6.o(i.__0snprintf$6) refers to printf6.o(i._snputc) for _snputc
    printf6.o(i.__0sprintf$6) refers to printf6.o(i._printf_core) for _printf_core
    printf6.o(i.__0sprintf$6) refers to printf6.o(i._sputc) for _sputc
    printf6.o(i.__0vfprintf$6) refers to printf6.o(i._printf_core) for _printf_core
    printf6.o(i.__0vfprintf$6) refers to testedf.o(.text) for fputc
    printf6.o(i.__0vprintf$6) refers to printf6.o(i._printf_core) for _printf_core
    printf6.o(i.__0vprintf$6) refers to testedf.o(.text) for fputc
    printf6.o(i.__0vprintf$6) refers to stdout.o(.data) for __stdout
    printf6.o(i.__0vsnprintf$6) refers to printf6.o(i._printf_core) for _printf_core
    printf6.o(i.__0vsnprintf$6) refers to printf6.o(i._snputc) for _snputc
    printf6.o(i.__0vsprintf$6) refers to printf6.o(i._printf_core) for _printf_core
    printf6.o(i.__0vsprintf$6) refers to printf6.o(i._sputc) for _sputc
    printf6.o(i._printf_core) refers to printf6.o(i._printf_pre_padding) for _printf_pre_padding
    printf6.o(i._printf_core) refers to uidiv.o(.text) for __aeabi_uidivmod
    printf6.o(i._printf_core) refers to printf6.o(i._printf_post_padding) for _printf_post_padding
    printf7.o(i.__0fprintf$7) refers to printf7.o(i._printf_core) for _printf_core
    printf7.o(i.__0fprintf$7) refers to testedf.o(.text) for fputc
    printf7.o(i.__0printf$7) refers to printf7.o(i._printf_core) for _printf_core
    printf7.o(i.__0printf$7) refers to testedf.o(.text) for fputc
    printf7.o(i.__0printf$7) refers to stdout.o(.data) for __stdout
    printf7.o(i.__0snprintf$7) refers to printf7.o(i._printf_core) for _printf_core
    printf7.o(i.__0snprintf$7) refers to printf7.o(i._snputc) for _snputc
    printf7.o(i.__0sprintf$7) refers to printf7.o(i._printf_core) for _printf_core
    printf7.o(i.__0sprintf$7) refers to printf7.o(i._sputc) for _sputc
    printf7.o(i.__0vfprintf$7) refers to printf7.o(i._printf_core) for _printf_core
    printf7.o(i.__0vfprintf$7) refers to testedf.o(.text) for fputc
    printf7.o(i.__0vprintf$7) refers to printf7.o(i._printf_core) for _printf_core
    printf7.o(i.__0vprintf$7) refers to testedf.o(.text) for fputc
    printf7.o(i.__0vprintf$7) refers to stdout.o(.data) for __stdout
    printf7.o(i.__0vsnprintf$7) refers to printf7.o(i._printf_core) for _printf_core
    printf7.o(i.__0vsnprintf$7) refers to printf7.o(i._snputc) for _snputc
    printf7.o(i.__0vsprintf$7) refers to printf7.o(i._printf_core) for _printf_core
    printf7.o(i.__0vsprintf$7) refers to printf7.o(i._sputc) for _sputc
    printf7.o(i._printf_core) refers to printf7.o(i._printf_pre_padding) for _printf_pre_padding
    printf7.o(i._printf_core) refers to uldiv.o(.text) for __aeabi_uldivmod
    printf7.o(i._printf_core) refers to printf7.o(i._printf_post_padding) for _printf_post_padding
    printf8.o(i.__0fprintf$8) refers to printf8.o(i._printf_core) for _printf_core
    printf8.o(i.__0fprintf$8) refers to testedf.o(.text) for fputc
    printf8.o(i.__0printf$8) refers to printf8.o(i._printf_core) for _printf_core
    printf8.o(i.__0printf$8) refers to testedf.o(.text) for fputc
    printf8.o(i.__0printf$8) refers to stdout.o(.data) for __stdout
    printf8.o(i.__0snprintf$8) refers to printf8.o(i._printf_core) for _printf_core
    printf8.o(i.__0snprintf$8) refers to printf8.o(i._snputc) for _snputc
    printf8.o(i.__0sprintf$8) refers to printf8.o(i._printf_core) for _printf_core
    printf8.o(i.__0sprintf$8) refers to printf8.o(i._sputc) for _sputc
    printf8.o(i.__0vfprintf$8) refers to printf8.o(i._printf_core) for _printf_core
    printf8.o(i.__0vfprintf$8) refers to testedf.o(.text) for fputc
    printf8.o(i.__0vprintf$8) refers to printf8.o(i._printf_core) for _printf_core
    printf8.o(i.__0vprintf$8) refers to testedf.o(.text) for fputc
    printf8.o(i.__0vprintf$8) refers to stdout.o(.data) for __stdout
    printf8.o(i.__0vsnprintf$8) refers to printf8.o(i._printf_core) for _printf_core
    printf8.o(i.__0vsnprintf$8) refers to printf8.o(i._snputc) for _snputc
    printf8.o(i.__0vsprintf$8) refers to printf8.o(i._printf_core) for _printf_core
    printf8.o(i.__0vsprintf$8) refers to printf8.o(i._sputc) for _sputc
    printf8.o(i._printf_core) refers to printf8.o(i._printf_pre_padding) for _printf_pre_padding
    printf8.o(i._printf_core) refers to uldiv.o(.text) for __aeabi_uldivmod
    printf8.o(i._printf_core) refers to printf8.o(i._printf_post_padding) for _printf_post_padding
    printfa.o(i.__0fprintf) refers (Special) to iusefp.o(.text) for __I$use$fp
    printfa.o(i.__0fprintf) refers to printfa.o(i._printf_core) for _printf_core
    printfa.o(i.__0fprintf) refers to testedf.o(.text) for fputc
    printfa.o(i.__0printf) refers (Special) to iusefp.o(.text) for __I$use$fp
    printfa.o(i.__0printf) refers to printfa.o(i._printf_core) for _printf_core
    printfa.o(i.__0printf) refers to testedf.o(.text) for fputc
    printfa.o(i.__0printf) refers to stdout.o(.data) for __stdout
    printfa.o(i.__0snprintf) refers (Special) to iusefp.o(.text) for __I$use$fp
    printfa.o(i.__0snprintf) refers to printfa.o(i._printf_core) for _printf_core
    printfa.o(i.__0snprintf) refers to printfa.o(i._snputc) for _snputc
    printfa.o(i.__0sprintf) refers (Special) to iusefp.o(.text) for __I$use$fp
    printfa.o(i.__0sprintf) refers to printfa.o(i._printf_core) for _printf_core
    printfa.o(i.__0sprintf) refers to printfa.o(i._sputc) for _sputc
    printfa.o(i.__0vfprintf) refers (Special) to iusefp.o(.text) for __I$use$fp
    printfa.o(i.__0vfprintf) refers to printfa.o(i._printf_core) for _printf_core
    printfa.o(i.__0vfprintf) refers to testedf.o(.text) for fputc
    printfa.o(i.__0vprintf) refers (Special) to iusefp.o(.text) for __I$use$fp
    printfa.o(i.__0vprintf) refers to printfa.o(i._printf_core) for _printf_core
    printfa.o(i.__0vprintf) refers to testedf.o(.text) for fputc
    printfa.o(i.__0vprintf) refers to stdout.o(.data) for __stdout
    printfa.o(i.__0vsnprintf) refers (Special) to iusefp.o(.text) for __I$use$fp
    printfa.o(i.__0vsnprintf) refers to printfa.o(i._printf_core) for _printf_core
    printfa.o(i.__0vsnprintf) refers to printfa.o(i._snputc) for _snputc
    printfa.o(i.__0vsprintf) refers (Special) to iusefp.o(.text) for __I$use$fp
    printfa.o(i.__0vsprintf) refers to printfa.o(i._printf_core) for _printf_core
    printfa.o(i.__0vsprintf) refers to printfa.o(i._sputc) for _sputc
    printfa.o(i._fp_digits) refers (Special) to iusefp.o(.text) for __I$use$fp
    printfa.o(i._fp_digits) refers to dmul.o(.text) for __aeabi_dmul
    printfa.o(i._fp_digits) refers to ddiv.o(.text) for __aeabi_ddiv
    printfa.o(i._fp_digits) refers to cdrcmple.o(.text) for __aeabi_cdrcmple
    printfa.o(i._fp_digits) refers to dadd.o(.text) for __aeabi_dadd
    printfa.o(i._fp_digits) refers to dfixul.o(.text) for __aeabi_d2ulz
    printfa.o(i._fp_digits) refers to uldiv.o(.text) for __aeabi_uldivmod
    printfa.o(i._printf_core) refers (Special) to iusefp.o(.text) for __I$use$fp
    printfa.o(i._printf_core) refers to printfa.o(i._printf_pre_padding) for _printf_pre_padding
    printfa.o(i._printf_core) refers to uldiv.o(.text) for __aeabi_uldivmod
    printfa.o(i._printf_core) refers to printfa.o(i._printf_post_padding) for _printf_post_padding
    printfa.o(i._printf_core) refers to printfa.o(i._fp_digits) for _fp_digits
    printfa.o(i._printf_core) refers to uidiv.o(.text) for __aeabi_uidivmod
    printfa.o(i._printf_post_padding) refers (Special) to iusefp.o(.text) for __I$use$fp
    printfa.o(i._printf_pre_padding) refers (Special) to iusefp.o(.text) for __I$use$fp
    printfa.o(i._snputc) refers (Special) to iusefp.o(.text) for __I$use$fp
    printfa.o(i._sputc) refers (Special) to iusefp.o(.text) for __I$use$fp
    entry2.o(.ARM.Collect$$$$00000001) refers to entry2.o(.ARM.Collect$$$$00002712) for __lit__00000000
    entry2.o(.ARM.Collect$$$$00002712) refers to startup_mps_cm3.o(STACK) for __initial_sp
    entry2.o(__vectab_stack_and_reset_area) refers to startup_mps_cm3.o(STACK) for __initial_sp
    entry2.o(__vectab_stack_and_reset_area) refers to entry.o(.ARM.Collect$$$$00000000) for __main
    entry5.o(.ARM.Collect$$$$00000004) refers to init.o(.text) for __scatterload
    entry9a.o(.ARM.Collect$$$$0000000B) refers to testedf.o(.text) for main
    entry9b.o(.ARM.Collect$$$$0000000C) refers to testedf.o(.text) for main
    uldiv.o(.text) refers to llushr.o(.text) for __aeabi_llsr
    uldiv.o(.text) refers to llshl.o(.text) for __aeabi_llsl
    dadd.o(.text) refers to llshl.o(.text) for __aeabi_llsl
    dadd.o(.text) refers to llsshr.o(.text) for __aeabi_lasr
    dadd.o(.text) refers to depilogue.o(.text) for _double_epilogue
    dmul.o(.text) refers to depilogue.o(.text) for _double_epilogue
    ddiv.o(.text) refers to depilogue.o(.text) for _double_round
    dfixul.o(.text) refers to llushr.o(.text) for __aeabi_llsr
    dfixul.o(.text) refers to llshl.o(.text) for __aeabi_llsl
    init.o(.text) refers to entry5.o(.ARM.Collect$$$$00000004) for __main_after_scatterload
    depilogue.o(.text) refers to llshl.o(.text) for __aeabi_llsl
    depilogue.o(.text) refers to llushr.o(.text) for __aeabi_llsr


==============================================================================

Removing Unused input sections from the image.

    Removing startup_mps_cm3.o(HEAP), (0 bytes).
    Removing queue.o(.text), (1250 bytes).
    Removing dadd.o(.text), (334 bytes).
    Removing dmul.o(.text), (228 bytes).
    Removing ddiv.o(.text), (222 bytes).
    Removing dfixul.o(.text), (48 bytes).
    Removing cdrcmple.o(.text), (48 bytes).
    Removing depilogue.o(.text), (186 bytes).

8 unused section(s) (total 2316 bytes) removed from the image.

==============================================================================

Image Symbol Table

    Local Symbols

    Symbol Name                              Value     Ov Type        Size  Object(Section)

    RESET                                    0x00000000   Section      192  startup_mps_cm3.o(RESET)
    ../clib/microlib/division.c              0x00000000   Number         0  uidiv.o ABSOLUTE
    ../clib/microlib/division.c              0x00000000   Number         0  uldiv.o ABSOLUTE
    ../clib/microlib/init/entry.s            0x00000000   Number         0  entry8a.o ABSOLUTE
    ../clib/microlib/init/entry.s            0x00000000   Number         0  entry11b.o ABSOLUTE
    ../clib/microlib/init/entry.s            0x00000000   Number         0  entry11a.o ABSOLUTE
    ../clib/microlib/init/entry.s            0x00000000   Number         0  entry10b.o ABSOLUTE
    ../clib/microlib/init/entry.s            0x00000000   Number         0  entry10a.o ABSOLUTE
    ../clib/microlib/init/entry.s            0x00000000   Number         0  entry9b.o ABSOLUTE
    ../clib/microlib/init/entry.s            0x00000000   Number         0  entry9a.o ABSOLUTE
    ../clib/microlib/init/entry.s            0x00000000   Number         0  entry8b.o ABSOLUTE
    ../clib/microlib/init/entry.s            0x00000000   Number         0  entry7b.o ABSOLUTE
    ../clib/microlib/init/entry.s            0x00000000   Number         0  entry7a.o ABSOLUTE
    ../clib/microlib/init/entry.s            0x00000000   Number         0  entry5.o ABSOLUTE
    ../clib/microlib/init/entry.s            0x00000000   Number         0  entry2.o ABSOLUTE
    ../clib/microlib/init/entry.s            0x00000000   Number         0  entry.o ABSOLUTE
    ../clib/microlib/longlong.c              0x00000000   Number         0  llushr.o ABSOLUTE
    ../clib/microlib/longlong.c              0x00000000   Number         0  llshl.o ABSOLUTE
    ../clib/microlib/longlong.c              0x00000000   Number         0  llsshr.o ABSOLUTE
    ../clib/microlib/printf/printf.c         0x00000000   Number         0  printf7.o ABSOLUTE
    ../clib/microlib/printf/printf.c         0x00000000   Number         0  printf6.o ABSOLUTE
    ../clib/microlib/printf/printf.c         0x00000000   Number         0  printf5.o ABSOLUTE
    ../clib/microlib/printf/printf.c         0x00000000   Number         0  printf3.o ABSOLUTE
    ../clib/microlib/printf/printf.c         0x00000000   Number         0  printf2.o ABSOLUTE
    ../clib/microlib/printf/printf.c         0x00000000   Number         0  printf1.o ABSOLUTE
    ../clib/microlib/printf/printf.c         0x00000000   Number         0  printf4.o ABSOLUTE
    ../clib/microlib/printf/printf.c         0x00000000   Number         0  printf0.o ABSOLUTE
    ../clib/microlib/printf/printf.c         0x00000000   Number         0  printfb.o ABSOLUTE
    ../clib/microlib/printf/printf.c         0x00000000   Number         0  printfa.o ABSOLUTE
    ../clib/microlib/printf/printf.c         0x00000000   Number         0  printf8.o ABSOLUTE
    ../clib/microlib/printf/stubs.s          0x00000000   Number         0  stubs.o ABSOLUTE
    ../clib/microlib/stdio/streams.c         0x00000000   Number         0  stdout.o ABSOLUTE
    ../clib/microlib/string/memcpy.c         0x00000000   Number         0  memcpya.o ABSOLUTE
    ../clib/microlib/string/memcpy.c         0x00000000   Number         0  memcpyb.o ABSOLUTE
    ../clib/microlib/string/memset.c         0x00000000   Number         0  memseta.o ABSOLUTE
    ../clib/microlib/string/strcat.c         0x00000000   Number         0  strcat.o ABSOLUTE
    ../clib/microlib/string/strncpy.c        0x00000000   Number         0  strncpy.o ABSOLUTE
    ../clib/microlib/stubs.s                 0x00000000   Number         0  iusefp.o ABSOLUTE
    ../fplib/microlib/fpadd.c                0x00000000   Number         0  dadd.o ABSOLUTE
    ../fplib/microlib/fpdiv.c                0x00000000   Number         0  ddiv.o ABSOLUTE
    ../fplib/microlib/fpepilogue.c           0x00000000   Number         0  depilogue.o ABSOLUTE
    ../fplib/microlib/fpfix.c                0x00000000   Number         0  dfixul.o ABSOLUTE
    ../fplib/microlib/fpmul.c                0x00000000   Number         0  dmul.o ABSOLUTE
    FreeRTOS-Source\\portable\\RVDS\\ARM_CM3\\port.c 0x00000000   Number         0  port.o ABSOLUTE
    FreeRTOS-Source\list.c                   0x00000000   Number         0  list.o ABSOLUTE
    FreeRTOS-Source\portable\MemMang\heap_1.c 0x00000000   Number         0  heap_1.o ABSOLUTE
    FreeRTOS-Source\portable\RVDS\ARM_CM3\port.c 0x00000000   Number         0  port.o ABSOLUTE
    FreeRTOS-Source\queue.c                  0x00000000   Number         0  queue.o ABSOLUTE
    FreeRTOS-Source\tasks.c                  0x00000000   Number         0  tasks.o ABSOLUTE
    cdrcmple.s                               0x00000000   Number         0  cdrcmple.o ABSOLUTE
    dc.s                                     0x00000000   Number         0  dc.o ABSOLUTE
    handlers.s                               0x00000000   Number         0  handlers.o ABSOLUTE
    init.s                                   0x00000000   Number         0  init.o ABSOLUTE
    startup_MPS_CM3.s                        0x00000000   Number         0  startup_mps_cm3.o ABSOLUTE
    testEDF.c                                0x00000000   Number         0  testedf.o ABSOLUTE
    .ARM.Collect$$$$00000000                 0x000000c0   Section        0  entry.o(.ARM.Collect$$$$00000000)
    .ARM.Collect$$$$00000001                 0x000000c0   Section        4  entry2.o(.ARM.Collect$$$$00000001)
    .ARM.Collect$$$$00000004                 0x000000c4   Section        4  entry5.o(.ARM.Collect$$$$00000004)
    .ARM.Collect$$$$00000008                 0x000000c8   Section        0  entry7b.o(.ARM.Collect$$$$00000008)
    .ARM.Collect$$$$0000000A                 0x000000c8   Section        0  entry8b.o(.ARM.Collect$$$$0000000A)
    .ARM.Collect$$$$0000000B                 0x000000c8   Section        8  entry9a.o(.ARM.Collect$$$$0000000B)
    .ARM.Collect$$$$0000000D                 0x000000d0   Section        0  entry10a.o(.ARM.Collect$$$$0000000D)
    .ARM.Collect$$$$0000000F                 0x000000d0   Section        0  entry11a.o(.ARM.Collect$$$$0000000F)
    .ARM.Collect$$$$00002712                 0x000000d0   Section        4  entry2.o(.ARM.Collect$$$$00002712)
    __lit__00000000                          0x000000d0   Data           4  entry2.o(.ARM.Collect$$$$00002712)
    .emb_text                                0x000000d4   Section      132  port.o(.emb_text)
    .text                                    0x00000158   Section       28  startup_mps_cm3.o(.text)
    .text                                    0x00000174   Section        0  testedf.o(.text)
    T4                                       0x00000193   Thumb Code    32  testedf.o(.text)
    T3                                       0x000001b3   Thumb Code    32  testedf.o(.text)
    T2                                       0x000001d3   Thumb Code    32  testedf.o(.text)
    T1                                       0x000001f3   Thumb Code    32  testedf.o(.text)
    .text                                    0x00000308   Section        0  tasks.o(.text)
    prvInitialiseTaskLists                   0x00000309   Thumb Code    58  tasks.o(.text)
    prvInitialiseTCBVariables                0x00000343   Thumb Code    68  tasks.o(.text)
    prvAllocateTCBAndStack                   0x00000387   Thumb Code    58  tasks.o(.text)
    prvAddCurrentTaskToDelayedList           0x00000661   Thumb Code    62  tasks.o(.text)
    prvCheckTasksWaitingTermination          0x000007e1   Thumb Code     2  tasks.o(.text)
    prvIdleTask                              0x000007e3   Thumb Code     8  tasks.o(.text)
    usTaskCheckFreeStackSpace                0x0000085d   Thumb Code    22  tasks.o(.text)
    prvListTaskWithinSingleList              0x00000873   Thumb Code    70  tasks.o(.text)
    .text                                    0x00000b30   Section        0  list.o(.text)
    .text                                    0x00000c3c   Section        0  port.o(.text)
    prvSetupTimerInterrupt                   0x00000c57   Thumb Code    16  port.o(.text)
    .text                                    0x00000d08   Section        0  heap_1.o(.text)
    .text                                    0x00000d74   Section        0  memseta.o(.text)
    .text                                    0x00000d98   Section        0  strcat.o(.text)
    .text                                    0x00000db0   Section        0  strncpy.o(.text)
    .text                                    0x00000dc8   Section        0  uidiv.o(.text)
    .text                                    0x00000df4   Section       36  init.o(.text)
    i.__0printf$3                            0x00000e18   Section        0  printf3.o(i.__0printf$3)
    i.__0sprintf$3                           0x00000e38   Section        0  printf3.o(i.__0sprintf$3)
    i.__scatterload_copy                     0x00000e60   Section       14  handlers.o(i.__scatterload_copy)
    i.__scatterload_null                     0x00000e6e   Section        2  handlers.o(i.__scatterload_null)
    i.__scatterload_zeroinit                 0x00000e70   Section       14  handlers.o(i.__scatterload_zeroinit)
    i._printf_core                           0x00000e80   Section        0  printf3.o(i._printf_core)
    _printf_core                             0x00000e81   Thumb Code   436  printf3.o(i._printf_core)
    i._sputc                                 0x00001038   Section        0  printf3.o(i._sputc)
    _sputc                                   0x00001039   Thumb Code    10  printf3.o(i._sputc)
    .constdata                               0x00001044   Section       16  testedf.o(.constdata)
    .data                                    0x20000000   Section       20  testedf.o(.data)
    .data                                    0x20000014   Section       56  tasks.o(.data)
    pxDelayedTaskList                        0x20000018   Data           4  tasks.o(.data)
    pxOverflowDelayedTaskList                0x2000001c   Data           4  tasks.o(.data)
    uxCurrentNumberOfTasks                   0x20000020   Data           4  tasks.o(.data)
    xTickCount                               0x20000024   Data           4  tasks.o(.data)
    uxTopUsedPriority                        0x20000028   Data           4  tasks.o(.data)
    uxTopReadyPriority                       0x2000002c   Data           4  tasks.o(.data)
    xSchedulerRunning                        0x20000030   Data           4  tasks.o(.data)
    uxSchedulerSuspended                     0x20000034   Data           4  tasks.o(.data)
    uxMissedTicks                            0x20000038   Data           4  tasks.o(.data)
    xMissedYield                             0x2000003c   Data           4  tasks.o(.data)
    xNumOfOverflows                          0x20000040   Data           4  tasks.o(.data)
    uxTaskNumber                             0x20000044   Data           4  tasks.o(.data)
    xNextTaskUnblockTime                     0x20000048   Data           4  tasks.o(.data)
    .data                                    0x2000004c   Section        8  port.o(.data)
    uxCriticalNesting                        0x20000050   Data           4  port.o(.data)
    .data                                    0x20000054   Section        4  heap_1.o(.data)
    xNextFreeByte                            0x20000054   Data           4  heap_1.o(.data)
    .data                                    0x20000058   Section        4  stdout.o(.data)
    .bss                                     0x2000005c   Section       20  testedf.o(.bss)
    .bss                                     0x20000070   Section      202  tasks.o(.bss)
    pxReadyTasksLists                        0x20000070   Data         100  tasks.o(.bss)
    xDelayedTaskList1                        0x200000d4   Data          20  tasks.o(.bss)
    xDelayedTaskList2                        0x200000e8   Data          20  tasks.o(.bss)
    xPendingReadyList                        0x200000fc   Data          20  tasks.o(.bss)
    pcStatusString                           0x20000110   Data          42  tasks.o(.bss)
    .bss                                     0x20000140   Section     4096  heap_1.o(.bss)
    xHeap                                    0x20000140   Data        4096  heap_1.o(.bss)
    STACK                                    0x20001140   Section      512  startup_mps_cm3.o(STACK)

    Global Symbols

    Symbol Name                              Value     Ov Type        Size  Object(Section)

    BuildAttributes$$THM_ISAv4$P$D$K$B$S$PE$A:L22UL41UL21$X:L11$S22US41US21$IEEE1$IW$USESV6$~STKCKD$USESV7$~SHL$OSPACE$ROPI$EBA8$MICROLIB$REQ8$PRES8$EABIv2 0x00000000   Number         0  anon$$obj.o ABSOLUTE
    __ARM_use_no_argv                        0x00000000   Number         0  testedf.o ABSOLUTE
    __Vectors                                0x00000000   Data           4  startup_mps_cm3.o(RESET)
    _printf_a                                0x00000000   Number         0  stubs.o ABSOLUTE
    _printf_c                                0x00000000   Number         0  stubs.o ABSOLUTE
    _printf_charcount                        0x00000000   Number         0  stubs.o ABSOLUTE
    _printf_d                                0x00000000   Number         0  stubs.o ABSOLUTE
    _printf_e                                0x00000000   Number         0  stubs.o ABSOLUTE
    _printf_f                                0x00000000   Number         0  stubs.o ABSOLUTE
    _printf_flags                            0x00000000   Number         0  stubs.o ABSOLUTE
    _printf_fp_dec                           0x00000000   Number         0  stubs.o ABSOLUTE
    _printf_fp_hex                           0x00000000   Number         0  stubs.o ABSOLUTE
    _printf_g                                0x00000000   Number         0  stubs.o ABSOLUTE
    _printf_i                                0x00000000   Number         0  stubs.o ABSOLUTE
    _printf_int_dec                          0x00000000   Number         0  stubs.o ABSOLUTE
    _printf_l                                0x00000000   Number         0  stubs.o ABSOLUTE
    _printf_lc                               0x00000000   Number         0  stubs.o ABSOLUTE
    _printf_ll                               0x00000000   Number         0  stubs.o ABSOLUTE
    _printf_lld                              0x00000000   Number         0  stubs.o ABSOLUTE
    _printf_lli                              0x00000000   Number         0  stubs.o ABSOLUTE
    _printf_llo                              0x00000000   Number         0  stubs.o ABSOLUTE
    _printf_llu                              0x00000000   Number         0  stubs.o ABSOLUTE
    _printf_llx                              0x00000000   Number         0  stubs.o ABSOLUTE
    _printf_longlong_dec                     0x00000000   Number         0  stubs.o ABSOLUTE
    _printf_longlong_hex                     0x00000000   Number         0  stubs.o ABSOLUTE
    _printf_longlong_oct                     0x00000000   Number         0  stubs.o ABSOLUTE
    _printf_ls                               0x00000000   Number         0  stubs.o ABSOLUTE
    _printf_mbtowc                           0x00000000   Number         0  stubs.o ABSOLUTE
    _printf_n                                0x00000000   Number         0  stubs.o ABSOLUTE
    _printf_o                                0x00000000   Number         0  stubs.o ABSOLUTE
    _printf_p                                0x00000000   Number         0  stubs.o ABSOLUTE
    _printf_percent                          0x00000000   Number         0  stubs.o ABSOLUTE
    _printf_pre_padding                      0x00000000   Number         0  stubs.o ABSOLUTE
    _printf_return_value                     0x00000000   Number         0  stubs.o ABSOLUTE
    _printf_s                                0x00000000   Number         0  stubs.o ABSOLUTE
    _printf_sizespec                         0x00000000   Number         0  stubs.o ABSOLUTE
    _printf_str                              0x00000000   Number         0  stubs.o ABSOLUTE
    _printf_truncate_signed                  0x00000000   Number         0  stubs.o ABSOLUTE
    _printf_truncate_unsigned                0x00000000   Number         0  stubs.o ABSOLUTE
    _printf_u                                0x00000000   Number         0  stubs.o ABSOLUTE
    _printf_wc                               0x00000000   Number         0  stubs.o ABSOLUTE
    _printf_wctomb                           0x00000000   Number         0  stubs.o ABSOLUTE
    _printf_widthprec                        0x00000000   Number         0  stubs.o ABSOLUTE
    _printf_x                                0x00000000   Number         0  stubs.o ABSOLUTE
    __cpp_initialize__aeabi_                  - Undefined Weak Reference
    __cxa_finalize                            - Undefined Weak Reference
    __decompress                              - Undefined Weak Reference
    _clock_init                               - Undefined Weak Reference
    _microlib_exit                            - Undefined Weak Reference
    __main                                   0x000000c1   Thumb Code     0  entry.o(.ARM.Collect$$$$00000000)
    _main_stk                                0x000000c1   Thumb Code     0  entry2.o(.ARM.Collect$$$$00000001)
    _main_scatterload                        0x000000c5   Thumb Code     0  entry5.o(.ARM.Collect$$$$00000004)
    __main_after_scatterload                 0x000000c9   Thumb Code     0  entry5.o(.ARM.Collect$$$$00000004)
    _main_clock                              0x000000c9   Thumb Code     0  entry7b.o(.ARM.Collect$$$$00000008)
    _main_cpp_init                           0x000000c9   Thumb Code     0  entry8b.o(.ARM.Collect$$$$0000000A)
    _main_init                               0x000000c9   Thumb Code     0  entry9a.o(.ARM.Collect$$$$0000000B)
    __rt_final_cpp                           0x000000d1   Thumb Code     0  entry10a.o(.ARM.Collect$$$$0000000D)
    __rt_final_exit                          0x000000d1   Thumb Code     0  entry11a.o(.ARM.Collect$$$$0000000F)
    vPortSVCHandler                          0x000000d5   Thumb Code    28  port.o(.emb_text)
    vPortStartFirstTask                      0x000000f5   Thumb Code    16  port.o(.emb_text)
    xPortPendSVHandler                       0x00000109   Thumb Code    56  port.o(.emb_text)
    vPortSetInterruptMask                    0x00000145   Thumb Code    10  port.o(.emb_text)
    vPortClearInterruptMask                  0x0000014f   Thumb Code    10  port.o(.emb_text)
    Reset_Handler                            0x00000159   Thumb Code     4  startup_mps_cm3.o(.text)
    NMI_Handler                              0x0000015d   Thumb Code     2  startup_mps_cm3.o(.text)
    HardFault_Handler                        0x0000015f   Thumb Code     2  startup_mps_cm3.o(.text)
    MemManage_Handler                        0x00000161   Thumb Code     2  startup_mps_cm3.o(.text)
    BusFault_Handler                         0x00000163   Thumb Code     2  startup_mps_cm3.o(.text)
    UsageFault_Handler                       0x00000165   Thumb Code     2  startup_mps_cm3.o(.text)
    SVC_Handler                              0x00000167   Thumb Code     2  startup_mps_cm3.o(.text)
    DebugMon_Handler                         0x00000169   Thumb Code     2  startup_mps_cm3.o(.text)
    PendSV_Handler                           0x0000016b   Thumb Code     2  startup_mps_cm3.o(.text)
    SysTick_Handler                          0x0000016d   Thumb Code     2  startup_mps_cm3.o(.text)
    AACI_IRQHandler                          0x0000016f   Thumb Code     0  startup_mps_cm3.o(.text)
    CAN_IRQHandler                           0x0000016f   Thumb Code     0  startup_mps_cm3.o(.text)
    CHLCD_IRQHandler                         0x0000016f   Thumb Code     0  startup_mps_cm3.o(.text)
    CLCD_IRQHandler                          0x0000016f   Thumb Code     0  startup_mps_cm3.o(.text)
    CPU_CLCD_IRQHandler                      0x0000016f   Thumb Code     0  startup_mps_cm3.o(.text)
    ENET_IRQHandler                          0x0000016f   Thumb Code     0  startup_mps_cm3.o(.text)
    FLEXRAY_IRQHandler                       0x0000016f   Thumb Code     0  startup_mps_cm3.o(.text)
    I2C_IRQHandler                           0x0000016f   Thumb Code     0  startup_mps_cm3.o(.text)
    LIN_IRQHandler                           0x0000016f   Thumb Code     0  startup_mps_cm3.o(.text)
    MCIA_IRQHandler                          0x0000016f   Thumb Code     0  startup_mps_cm3.o(.text)
    MCIB_IRQHandler                          0x0000016f   Thumb Code     0  startup_mps_cm3.o(.text)
    RTC_IRQHandler                           0x0000016f   Thumb Code     0  startup_mps_cm3.o(.text)
    SPI_IRQHandler                           0x0000016f   Thumb Code     0  startup_mps_cm3.o(.text)
    TIM0_IRQHandler                          0x0000016f   Thumb Code     0  startup_mps_cm3.o(.text)
    TIM2_IRQHandler                          0x0000016f   Thumb Code     0  startup_mps_cm3.o(.text)
    UART0_IRQHandler                         0x0000016f   Thumb Code     0  startup_mps_cm3.o(.text)
    UART1_IRQHandler                         0x0000016f   Thumb Code     0  startup_mps_cm3.o(.text)
    UART2_IRQHandler                         0x0000016f   Thumb Code     0  startup_mps_cm3.o(.text)
    UART3_IRQHandler                         0x0000016f   Thumb Code     0  startup_mps_cm3.o(.text)
    UART4_IRQHandler                         0x0000016f   Thumb Code     0  startup_mps_cm3.o(.text)
    USBDC_IRQHandler                         0x0000016f   Thumb Code     0  startup_mps_cm3.o(.text)
    USBHC_IRQHandler                         0x0000016f   Thumb Code     0  startup_mps_cm3.o(.text)
    WDT_IRQHandler                           0x0000016f   Thumb Code     0  startup_mps_cm3.o(.text)
    fputc                                    0x00000175   Thumb Code    30  testedf.o(.text)
    main                                     0x00000213   Thumb Code   114  testedf.o(.text)
    xTaskGenericCreate                       0x000003c1   Thumb Code   252  tasks.o(.text)
    vTaskIncrementTick                       0x000004bd   Thumb Code   230  tasks.o(.text)
    xTaskResumeAll                           0x000005a3   Thumb Code   190  tasks.o(.text)
    vTaskSuspendAll                          0x0000069f   Thumb Code    12  tasks.o(.text)
    vTaskDelayUntil                          0x000006ab   Thumb Code   222  tasks.o(.text)
    vTaskDelay                               0x00000789   Thumb Code    88  tasks.o(.text)
    vTaskStartScheduler                      0x000007eb   Thumb Code    52  tasks.o(.text)
    vTaskEndScheduler                        0x0000081f   Thumb Code    18  tasks.o(.text)
    xTaskGetTickCount                        0x00000831   Thumb Code    18  tasks.o(.text)
    xTaskGetTickCountFromISR                 0x00000843   Thumb Code    20  tasks.o(.text)
    uxTaskGetNumberOfTasks                   0x00000857   Thumb Code     6  tasks.o(.text)
    vTaskList                                0x000008b9   Thumb Code   134  tasks.o(.text)
    vTaskSwitchContext                       0x0000093f   Thumb Code    74  tasks.o(.text)
    vTaskPlaceOnEventList                    0x00000989   Thumb Code    82  tasks.o(.text)
    xTaskRemoveFromEventList                 0x000009db   Thumb Code    98  tasks.o(.text)
    vTaskSetTimeOutState                     0x00000a3d   Thumb Code    14  tasks.o(.text)
    xTaskCheckForTimeOut                     0x00000a4b   Thumb Code    82  tasks.o(.text)
    vTaskMissedYield                         0x00000a9d   Thumb Code     8  tasks.o(.text)
    uxTaskGetTaskNumber                      0x00000aa5   Thumb Code    14  tasks.o(.text)
    vTaskSetTaskNumber                       0x00000ab3   Thumb Code     8  tasks.o(.text)
    task_ADD_DEADLINE                        0x00000abb   Thumb Code    16  tasks.o(.text)
    vListInitialise                          0x00000b31   Thumb Code    26  list.o(.text)
    vListInitialiseItem                      0x00000b4b   Thumb Code     6  list.o(.text)
    vListInsertEnd                           0x00000b51   Thumb Code    28  list.o(.text)
    vListInsertOverFlow                      0x00000b6d   Thumb Code    72  list.o(.text)
    vListInsert                              0x00000bb5   Thumb Code    52  list.o(.text)
    vListEDFInsertEnd                        0x00000be9   Thumb Code    42  list.o(.text)
    vListRemove                              0x00000c13   Thumb Code    36  list.o(.text)
    pxPortInitialiseStack                    0x00000c3d   Thumb Code    26  port.o(.text)
    xPortStartScheduler                      0x00000c67   Thumb Code    42  port.o(.text)
    vPortEndScheduler                        0x00000c91   Thumb Code     2  port.o(.text)
    vPortYieldFromISR                        0x00000c93   Thumb Code    12  port.o(.text)
    vPortEnterCritical                       0x00000c9f   Thumb Code    18  port.o(.text)
    vPortExitCritical                        0x00000cb1   Thumb Code    24  port.o(.text)
    xPortSysTickHandler                      0x00000cc9   Thumb Code    52  port.o(.text)
    pvPortMalloc                             0x00000d09   Thumb Code    78  heap_1.o(.text)
    vPortFree                                0x00000d57   Thumb Code     2  heap_1.o(.text)
    vPortInitialiseBlocks                    0x00000d59   Thumb Code     8  heap_1.o(.text)
    xPortGetFreeHeapSize                     0x00000d61   Thumb Code    10  heap_1.o(.text)
    __aeabi_memset                           0x00000d75   Thumb Code    14  memseta.o(.text)
    __aeabi_memset4                          0x00000d75   Thumb Code     0  memseta.o(.text)
    __aeabi_memset8                          0x00000d75   Thumb Code     0  memseta.o(.text)
    __aeabi_memclr                           0x00000d83   Thumb Code     4  memseta.o(.text)
    __aeabi_memclr4                          0x00000d83   Thumb Code     0  memseta.o(.text)
    __aeabi_memclr8                          0x00000d83   Thumb Code     0  memseta.o(.text)
    _memset$wrapper                          0x00000d87   Thumb Code    18  memseta.o(.text)
    strcat                                   0x00000d99   Thumb Code    24  strcat.o(.text)
    strncpy                                  0x00000db1   Thumb Code    24  strncpy.o(.text)
    __aeabi_uidiv                            0x00000dc9   Thumb Code     0  uidiv.o(.text)
    __aeabi_uidivmod                         0x00000dc9   Thumb Code    44  uidiv.o(.text)
    __scatterload                            0x00000df5   Thumb Code    28  init.o(.text)
    __scatterload_rt2                        0x00000df5   Thumb Code     0  init.o(.text)
    __0printf$3                              0x00000e19   Thumb Code    22  printf3.o(i.__0printf$3)
    __1printf$3                              0x00000e19   Thumb Code     0  printf3.o(i.__0printf$3)
    __2printf                                0x00000e19   Thumb Code     0  printf3.o(i.__0printf$3)
    __0sprintf$3                             0x00000e39   Thumb Code    34  printf3.o(i.__0sprintf$3)
    __1sprintf$3                             0x00000e39   Thumb Code     0  printf3.o(i.__0sprintf$3)
    __2sprintf                               0x00000e39   Thumb Code     0  printf3.o(i.__0sprintf$3)
    __scatterload_copy                       0x00000e61   Thumb Code    14  handlers.o(i.__scatterload_copy)
    __scatterload_null                       0x00000e6f   Thumb Code     2  handlers.o(i.__scatterload_null)
    __scatterload_zeroinit                   0x00000e71   Thumb Code    14  handlers.o(i.__scatterload_zeroinit)
    dT1                                      0x00001044   Data           4  testedf.o(.constdata)
    dT2                                      0x00001048   Data           4  testedf.o(.constdata)
    dT3                                      0x0000104c   Data           4  testedf.o(.constdata)
    dT4                                      0x00001050   Data           4  testedf.o(.constdata)
    Region$$Table$$Base                      0x00001054   Number         0  anon$$obj.o(Region$$Table)
    Region$$Table$$Limit                     0x00001074   Number         0  anon$$obj.o(Region$$Table)
    tvalue                                   0x20000000   Data           4  testedf.o(.data)
    xT1                                      0x20000004   Data           4  testedf.o(.data)
    xT2                                      0x20000008   Data           4  testedf.o(.data)
    xT3                                      0x2000000c   Data           4  testedf.o(.data)
    xT4                                      0x20000010   Data           4  testedf.o(.data)
    pxCurrentTCB                             0x20000014   Data           4  tasks.o(.data)
    ulHighFreqTicks                          0x2000004c   Data           4  port.o(.data)
    __stdout                                 0x20000058   Data           4  stdout.o(.data)
    ulTaskNumber                             0x2000005c   Data          20  testedf.o(.bss)
    __initial_sp                             0x20001340   Data           0  startup_mps_cm3.o(STACK)



==============================================================================

Memory Map of the image

  Image Entry point : 0x000000c1

  Load Region LR_IROM1 (Base: 0x00000000, Size: 0x000010d0, Max: 0x00040000, ABSOLUTE)

    Execution Region ER_IROM1 (Base: 0x00000000, Size: 0x00001074, Max: 0x00040000, ABSOLUTE)

    Base Addr    Size         Type   Attr      Idx    E Section Name        Object

    0x00000000   0x000000c0   Data   RO            3    RESET               startup_mps_cm3.o
    0x000000c0   0x00000000   Code   RO          173  * .ARM.Collect$$$$00000000  mc_w.l(entry.o)
    0x000000c0   0x00000004   Code   RO          447    .ARM.Collect$$$$00000001  mc_w.l(entry2.o)
    0x000000c4   0x00000004   Code   RO          450    .ARM.Collect$$$$00000004  mc_w.l(entry5.o)
    0x000000c8   0x00000000   Code   RO          452    .ARM.Collect$$$$00000008  mc_w.l(entry7b.o)
    0x000000c8   0x00000000   Code   RO          454    .ARM.Collect$$$$0000000A  mc_w.l(entry8b.o)
    0x000000c8   0x00000008   Code   RO          455    .ARM.Collect$$$$0000000B  mc_w.l(entry9a.o)
    0x000000d0   0x00000000   Code   RO          457    .ARM.Collect$$$$0000000D  mc_w.l(entry10a.o)
    0x000000d0   0x00000000   Code   RO          459    .ARM.Collect$$$$0000000F  mc_w.l(entry11a.o)
    0x000000d0   0x00000004   Code   RO          448    .ARM.Collect$$$$00002712  mc_w.l(entry2.o)
    0x000000d4   0x00000084   Code   RO          135    .emb_text           port.o
    0x00000158   0x0000001c   Code   RO            4    .text               startup_mps_cm3.o
    0x00000174   0x00000194   Code   RO           10    .text               testedf.o
    0x00000308   0x00000828   Code   RO           63    .text               tasks.o
    0x00000b30   0x0000010c   Code   RO          102    .text               list.o
    0x00000c3c   0x000000cc   Code   RO          136    .text               port.o
    0x00000d08   0x0000006c   Code   RO          158    .text               heap_1.o
    0x00000d74   0x00000024   Code   RO          178    .text               mc_w.l(memseta.o)
    0x00000d98   0x00000018   Code   RO          180    .text               mc_w.l(strcat.o)
    0x00000db0   0x00000018   Code   RO          182    .text               mc_w.l(strncpy.o)
    0x00000dc8   0x0000002c   Code   RO          462    .text               mc_w.l(uidiv.o)
    0x00000df4   0x00000024   Code   RO          477    .text               mc_w.l(init.o)
    0x00000e18   0x00000020   Code   RO          275    i.__0printf$3       mc_w.l(printf3.o)
    0x00000e38   0x00000028   Code   RO          277    i.__0sprintf$3      mc_w.l(printf3.o)
    0x00000e60   0x0000000e   Code   RO          489    i.__scatterload_copy  mc_w.l(handlers.o)
    0x00000e6e   0x00000002   Code   RO          490    i.__scatterload_null  mc_w.l(handlers.o)
    0x00000e70   0x0000000e   Code   RO          491    i.__scatterload_zeroinit  mc_w.l(handlers.o)
    0x00000e7e   0x00000002   PAD
    0x00000e80   0x000001b8   Code   RO          282    i._printf_core      mc_w.l(printf3.o)
    0x00001038   0x0000000a   Code   RO          284    i._sputc            mc_w.l(printf3.o)
    0x00001042   0x00000002   PAD
    0x00001044   0x00000010   Data   RO           12    .constdata          testedf.o
    0x00001054   0x00000020   Data   RO          487    Region$$Table       anon$$obj.o


    Execution Region RW_IRAM1 (Base: 0x20000000, Size: 0x00001340, Max: 0x00010000, ABSOLUTE)

    Base Addr    Size         Type   Attr      Idx    E Section Name        Object

    0x20000000   0x00000014   Data   RW           13    .data               testedf.o
    0x20000014   0x00000038   Data   RW           65    .data               tasks.o
    0x2000004c   0x00000008   Data   RW          137    .data               port.o
    0x20000054   0x00000004   Data   RW          160    .data               heap_1.o
    0x20000058   0x00000004   Data   RW          461    .data               mc_w.l(stdout.o)
    0x2000005c   0x00000014   Zero   RW           11    .bss                testedf.o
    0x20000070   0x000000ca   Zero   RW           64    .bss                tasks.o
    0x2000013a   0x00000006   PAD
    0x20000140   0x00001000   Zero   RW          159    .bss                heap_1.o
    0x20001140   0x00000200   Zero   RW            1    STACK               startup_mps_cm3.o


==============================================================================

Image component sizes


      Code (inc. data)   RO Data    RW Data    ZI Data      Debug   Object Name

       108         10          0          4       4096       1888   heap_1.o
       268          6          0          0          0       3835   list.o
       336         24          0          8          0       2639   port.o
        28          4        192          0        512        788   startup_mps_cm3.o
      2088        174          0         56        202      11569   tasks.o
       404        132         16         20         20      10555   testedf.o

    ----------------------------------------------------------------------
      3232        350        240         88       4836      31274   Object Totals
         0          0         32          0          0          0   (incl. Generated)
         0          0          0          0          6          0   (incl. Padding)

    ----------------------------------------------------------------------

      Code (inc. data)   RO Data    RW Data    ZI Data      Debug   Library Member Name

         0          0          0          0          0          0   entry.o
         0          0          0          0          0          0   entry10a.o
         0          0          0          0          0          0   entry11a.o
         8          4          0          0          0          0   entry2.o
         4          0          0          0          0          0   entry5.o
         0          0          0          0          0          0   entry7b.o
         0          0          0          0          0          0   entry8b.o
         8          4          0          0          0          0   entry9a.o
        30          0          0          0          0          0   handlers.o
        36          8          0          0          0         68   init.o
        36          0          0          0          0        108   memseta.o
       522         20          0          0          0        336   printf3.o
         0          0          0          4          0          0   stdout.o
        24          0          0          0          0         68   strcat.o
        24          0          0          0          0         76   strncpy.o
        44          0          0          0          0         80   uidiv.o

    ----------------------------------------------------------------------
       740         36          0          4          0        736   Library Totals
         4          0          0          0          0          0   (incl. Padding)

    ----------------------------------------------------------------------

      Code (inc. data)   RO Data    RW Data    ZI Data      Debug   Library Name

       736         36          0          4          0        736   mc_w.l

    ----------------------------------------------------------------------
       740         36          0          4          0        736   Library Totals

    ----------------------------------------------------------------------

==============================================================================


      Code (inc. data)   RO Data    RW Data    ZI Data      Debug   

      3972        386        240         92       4836      31278   Grand Totals
      3972        386        240         92       4836      31278   ELF Image Totals
      3972        386        240         92          0          0   ROM Totals

==============================================================================

    Total RO  Size (Code + RO Data)                 4212 (   4.11kB)
    Total RW  Size (RW Data + ZI Data)              4928 (   4.81kB)
    Total ROM Size (Code + RO Data + RW Data)       4304 (   4.20kB)

==============================================================================

